// Jest Snapshot v1, https://goo.gl/fbAQLP

exports[`End-to-end tests for supported cultures and currencies cs-cz - Čeština EUR - Euro (€) 1`] = `"D2 v3,2,8,\\"0,1883\\",\\"0,1054\\",\\"0,1544\\",\\"0,0715\\",\\"0,1286\\",\\"0,0458\\",\\"0,0499\\",\\"0,0186\\""`;

exports[`End-to-end tests for supported cultures and currencies da-dk - Dansk DKK - Danish Krone (kr) 1`] = `"D2 v3,2,8,\\"1,4002\\",\\"0,7839\\",\\"1,1479\\",\\"0,5316\\",\\"0,9564\\",\\"0,3401\\",\\"0,3705\\",\\"0,1383\\""`;

exports[`End-to-end tests for supported cultures and currencies de-de - Deutsch CHF - Swiss Franc. (chf) 1`] = `"D2 v3,2,8,\\"0,1947\\",\\"0,109\\",\\"0,1596\\",\\"0,0739\\",\\"0,133\\",\\"0,0473\\",\\"0,0516\\",\\"0,0193\\""`;

exports[`End-to-end tests for supported cultures and currencies de-de - Deutsch EUR - Euro (€) 1`] = `"D2 v3,2,8,\\"0,1883\\",\\"0,1054\\",\\"0,1544\\",\\"0,0715\\",\\"0,1286\\",\\"0,0458\\",\\"0,0499\\",\\"0,0186\\""`;

exports[`End-to-end tests for supported cultures and currencies en-au - English (Australia) AUD - Australian Dollar ($) 1`] = `"D2 v3,2,8,0.2786,0.156,0.2284,0.1058,0.1903,0.0677,0.0738,0.0276"`;

exports[`End-to-end tests for supported cultures and currencies en-ca - English (Canada) CAD - Canadian Dollar ($) 1`] = `"D2 v3,2,8,0.2617,0.1465,0.2146,0.0994,0.1788,0.0636,0.0693,0.0259"`;

exports[`End-to-end tests for supported cultures and currencies en-gb - English (UK) GBP - British Pound (£) 1`] = `"D2 v3,2,8,0.1592,0.0891,0.1305,0.0604,0.1087,0.0387,0.0421,0.0158"`;

exports[`End-to-end tests for supported cultures and currencies en-gb - English (UK) NZD - New Zealand Dollar ($) 1`] = `"D2 v3,2,8,0.3019,0.169,0.2475,0.1146,0.2062,0.0734,0.0799,0.0299"`;

exports[`End-to-end tests for supported cultures and currencies en-in - English (India) INR - Indian Rupee (₹) 1`] = `"D2 v3,2,8,15.8801,8.8899,13.0187,6.0284,10.8471,3.8569,4.2019,1.5682"`;

exports[`End-to-end tests for supported cultures and currencies en-us - English (US) USD - US Dollar ($) 1`] = `"D2 v3,2,8,0.209,0.117,0.1714,0.0794,0.1428,0.0508,0.0554,0.0207"`;

exports[`End-to-end tests for supported cultures and currencies es-es - Español EUR - Euro (€) 1`] = `"D2 v3,2,8,\\"0,1883\\",\\"0,1054\\",\\"0,1544\\",\\"0,0715\\",\\"0,1286\\",\\"0,0458\\",\\"0,0499\\",\\"0,0186\\""`;

exports[`End-to-end tests for supported cultures and currencies es-mx - Español (MX) USD - US Dollar ($) 1`] = `"D2 v3,2,8,0.209,0.117,0.1714,0.0794,0.1428,0.0508,0.0554,0.0207"`;

exports[`End-to-end tests for supported cultures and currencies fr-ca - Français (Canada) CAD - Canadian Dollar ($) 1`] = `"D2 v3,2,8,\\"0,2617\\",\\"0,1465\\",\\"0,2146\\",\\"0,0994\\",\\"0,1788\\",\\"0,0636\\",\\"0,0693\\",\\"0,0259\\""`;

exports[`End-to-end tests for supported cultures and currencies fr-fr - Français CHF - Swiss Franc. (chf) 1`] = `"D2 v3,2,8,\\"0,1947\\",\\"0,109\\",\\"0,1596\\",\\"0,0739\\",\\"0,133\\",\\"0,0473\\",\\"0,0516\\",\\"0,0193\\""`;

exports[`End-to-end tests for supported cultures and currencies fr-fr - Français EUR - Euro (€) 1`] = `"D2 v3,2,8,\\"0,1883\\",\\"0,1054\\",\\"0,1544\\",\\"0,0715\\",\\"0,1286\\",\\"0,0458\\",\\"0,0499\\",\\"0,0186\\""`;

exports[`End-to-end tests for supported cultures and currencies hu-hu - Magyar EUR - Euro (€) 1`] = `"D2 v3,2,8,\\"0,1883\\",\\"0,1054\\",\\"0,1544\\",\\"0,0715\\",\\"0,1286\\",\\"0,0458\\",\\"0,0499\\",\\"0,0186\\""`;

exports[`End-to-end tests for supported cultures and currencies it-it - Italiano CHF - Swiss Franc. (chf) 1`] = `"D2 v3,2,8,\\"0,1947\\",\\"0,109\\",\\"0,1596\\",\\"0,0739\\",\\"0,133\\",\\"0,0473\\",\\"0,0516\\",\\"0,0193\\""`;

exports[`End-to-end tests for supported cultures and currencies it-it - Italiano EUR - Euro (€) 1`] = `"D2 v3,2,8,\\"0,1883\\",\\"0,1054\\",\\"0,1544\\",\\"0,0715\\",\\"0,1286\\",\\"0,0458\\",\\"0,0499\\",\\"0,0186\\""`;

exports[`End-to-end tests for supported cultures and currencies ja-jp - 日本語 JPY - Japanese Yen (¥) 1`] = `"D2 v3,2,8,25.6464,14.3571,21.0252,9.7359,17.5181,6.2288,6.786,2.5327"`;

exports[`End-to-end tests for supported cultures and currencies ko-kr - 한국어 KRW - Korean Won (₩) 1`] = `"D2 v3,2,8,254.9383,142.7167,209.0006,96.779,174.1387,61.9171,67.4562,25.1755"`;

exports[`End-to-end tests for supported cultures and currencies nb-no - Norsk NOK - Norwegian Krone (kr) 1`] = `"D2 v3,2,8,\\"1,811\\",\\"1,0138\\",\\"1,4847\\",\\"0,6875\\",\\"1,237\\",\\"0,4399\\",\\"0,4792\\",\\"0,1789\\""`;

exports[`End-to-end tests for supported cultures and currencies nl-nl - Nederlands EUR - Euro (€) 1`] = `"D2 v3,2,8,\\"0,1883\\",\\"0,1054\\",\\"0,1544\\",\\"0,0715\\",\\"0,1286\\",\\"0,0458\\",\\"0,0499\\",\\"0,0186\\""`;

exports[`End-to-end tests for supported cultures and currencies pl-pl - Polski EUR - Euro (€) 1`] = `"D2 v3,2,8,\\"0,1883\\",\\"0,1054\\",\\"0,1544\\",\\"0,0715\\",\\"0,1286\\",\\"0,0458\\",\\"0,0499\\",\\"0,0186\\""`;

exports[`End-to-end tests for supported cultures and currencies pt-br - Português (Brasil) BRL - Brazilian Real (R$) 1`] = `"D2 v3,2,8,\\"0,9925\\",\\"0,5556\\",\\"0,8136\\",\\"0,3768\\",\\"0,6779\\",\\"0,2411\\",\\"0,2626\\",\\"0,0981\\""`;

exports[`End-to-end tests for supported cultures and currencies pt-pt - Português EUR - Euro (€) 1`] = `"D2 v3,2,8,\\"0,1883\\",\\"0,1054\\",\\"0,1544\\",\\"0,0715\\",\\"0,1286\\",\\"0,0458\\",\\"0,0499\\",\\"0,0186\\""`;

exports[`End-to-end tests for supported cultures and currencies ru-ru - Pусский RUB - Russian Ruble (руб) 1`] = `"D2 v3,2,8,\\"18,2876\\",\\"10,2376\\",\\"14,9923\\",\\"6,9423\\",\\"12,4916\\",\\"4,4416\\",\\"4,8389\\",\\"1,806\\""`;

exports[`End-to-end tests for supported cultures and currencies sv-se - Svenska SEK - Swedish Krona (kr) 1`] = `"D2 v3,2,8,\\"1,9424\\",\\"1,0874\\",\\"1,5924\\",\\"0,7374\\",\\"1,3268\\",\\"0,4718\\",\\"0,514\\",\\"0,1919\\""`;

exports[`End-to-end tests for supported cultures and currencies tr-tr - Türkçe USD - US Dollar ($) 1`] = `"D2 v3,2,8,\\"0,209\\",\\"0,117\\",\\"0,1714\\",\\"0,0794\\",\\"0,1428\\",\\"0,0508\\",\\"0,0554\\",\\"0,0207\\""`;

exports[`End-to-end tests for supported cultures and currencies zh-tw - 中文(繁體) TWD - Taiwanese Dollar (NT$) 1`] = `"D2 v3,2,8,6.0153,3.3674,4.9314,2.2835,4.1088,1.461,1.5917,0.5941"`;
