// Jest Snapshot v1, https://goo.gl/fbAQLP

exports[`End-to-end tests for supported operating systems CentOS or Ubuntu linux (instance without savings plan) 1`] = `"S96,96,768,N/A,N/A,4.0808,N/A,2.0712,N/A,N/A,N/A,N/A,N/A,N/A,N/A"`;

exports[`End-to-end tests for supported operating systems Ubuntu Advantage Essential (no hybrid benefit) 1`] = `"D2 v3,2,8,0.126,N/A,0.0662,N/A,0.0598,N/A,0.0207,N/A,0.1103,N/A,0.089,N/A"`;
